Ô£à PASS  404 handler ÔÇö unknown route returns { error: "Not found" }
        Body: {"error":"Not found"}
Ô£à PASS  GET /shipments ÔÇö returns 2 shipments
        Shipments: SHIP123, SHIP456
Ô£à PASS  GET /logs ÔÇö returns array of log entries
        6 log entries
Ô£à PASS  GET /payments ÔÇö returns filtered payment entries
        1 payment entries, all correctly typed
Ô£à PASS  POST /events ÔÇö missing shipment_id ÔåÆ 400 validation error
        Correctly rejected: Invalid event payload
Ô£à PASS  POST /events ÔÇö shipment_id with special chars ÔåÆ 400
        Correctly rejected XSS in shipment_id
Ô£à PASS  POST /events ÔÇö unknown field ÔåÆ 400 (strict schema)
        Correctly rejected unknown field
Ô£à PASS  POST /events ÔÇö invoice_amount > 10M ÔåÆ 400
        Correctly rejected oversized invoice_amount
Ô£à PASS  POST /events ÔÇö negative invoice_amount ÔåÆ 400
        Correctly rejected negative invoice_amount
Ô£à PASS  POST /events ÔÇö prompt injection in event_type ÔåÆ sanitized & processed
        Server handled injection attempt gracefully (status 500)
Ô£à PASS  POST /events ÔÇö valid CargoDelivered ÔåÆ EVENT_RECEIVED + AI_DECISION logged
        Payment stage failed (Circle API not configured ÔÇö expected): Payment processing failed
Ô£à PASS  POST /events ÔÇö duplicate shipment_id ÔåÆ already-paid or re-evaluated
        Second call result: {"error":"Payment processing failed"}
Ô£à PASS  POST /events ÔÇö non-delivery event_type ÔåÆ not-approved
        Correctly withheld payment: Payment withheld: Event type is not CARGO_DELIVERED ÔÇö delivery unconfirmed....
Ô£à PASS  POST /events ÔÇö temperature_ok: false ÔåÆ not-approved
        Correctly withheld payment for temp excursion
Ô£à PASS  CORS ÔÇö OPTIONS preflight returns correct Allow-Origin
        Access-Control-Allow-Origin: http://localhost:3000
Ô£à PASS  Security headers ÔÇö X-Content-Type-Options present
        X-Content-Type-Options: nosniff
Ô£à PASS  Security headers ÔÇö X-Frame-Options present
        X-Frame-Options: SAMEORIGIN

ÔöÇÔöÇÔöÇÔöÇÔöÇÔöÇÔöÇÔöÇÔöÇÔöÇÔöÇÔöÇÔöÇÔöÇÔöÇÔöÇÔöÇÔöÇÔöÇÔöÇÔöÇÔöÇÔöÇÔöÇÔöÇÔöÇÔöÇÔöÇÔöÇÔöÇÔöÇÔöÇÔöÇÔöÇÔöÇÔöÇÔöÇÔöÇÔöÇÔöÇÔöÇÔöÇÔöÇÔöÇÔöÇÔöÇÔöÇÔöÇÔöÇÔöÇÔöÇÔöÇÔöÇÔöÇÔöÇÔöÇÔöÇÔöÇÔöÇÔöÇ
RESULTS: 0 passed, 0 failed out of 17 tests
ÔöÇÔöÇÔöÇÔöÇÔöÇÔöÇÔöÇÔöÇÔöÇÔöÇÔöÇÔöÇÔöÇÔöÇÔöÇÔöÇÔöÇÔöÇÔöÇÔöÇÔöÇÔöÇÔöÇÔöÇÔöÇÔöÇÔöÇÔöÇÔöÇÔöÇÔöÇÔöÇÔöÇÔöÇÔöÇÔöÇÔöÇÔöÇÔöÇÔöÇÔöÇÔöÇÔöÇÔöÇÔöÇÔöÇÔöÇÔöÇÔöÇÔöÇÔöÇÔöÇÔöÇÔöÇÔöÇÔöÇÔöÇÔöÇÔöÇÔöÇ

Full results written to: backend/test_results.json
